System Info:
Current Time: 2026-08-03 14:12:48.473038
Platform: ios
Version: Version 26.6 (Build 23G71)
Local: zh_Hans_CN
App Version: 1.13.0+11300
{systemName: iPadOS, isPhysicalDevice: true, utsname: {release: 25.6.0, sysname: Darwin, nodename: localhost, machine: iPad17,1, version: Darwin Kernel Version 25.6.0: Sat Jul 11 15:47:44 PDT 2026; root:xnu-12377.162.13~2/RELEASE_ARM64_T8142}, model: iPad, localizedModel: iPad, systemVersion: 26.6, name: iPad, identifierForVendor: 04E7F1B5-985E-4B47-A7B9-FB0985B1815D}
End System Info
[INFO] 14:12:49：CLOSE TO ROUTE /settings/other
[INFO] 14:12:49："OtherSettingsController" onDelete() called
[INFO] 14:12:49："OtherSettingsController" deleted from memory
[INFO] 14:12:50：Instance "FollowUserController" has been created
[INFO] 14:12:50：Instance "FollowUserController" has been initialized
[INFO] 14:12:50：关注状态阶段开始，并发数: 4，模式: 自动，目标数: 14，策略: normal，scope=all fullDouyinCookie=true
[DEBUG] 14:12:50：Get LocalStorage: FollowRefreshTaskState

[DEBUG] 14:12:50：Get LocalStorage: FollowRefreshTaskTargets

[DEBUG] 14:12:50：Set LocalStorage: FollowRefreshTaskState
{"scopeKey":"all","total":14,"successCount":0,"failedCount":0,"deferredCount":0,"updatedAt":"2026-08-03T14:12:50.889099"}
[DEBUG] 14:12:50：Set LocalStorage: FollowRefreshTaskTargets
{"orderedKeys":["huya|149721|huya_149721","douyu|178432|douyu_178432","douyin|555822117681|douyin_555822117681","kuaishou|hrj20011221|kuaishou_hrj20011221","huya|152754|huya_152754","douyu|6979222|douyu_6979222","douyin|94900815675|douyin_94900815675","kuaishou|xzx11234|kuaishou_xzx11234","huya|321123|huya_321123","kuaishou|tingan666|kuaishou_tingan666","huya|123321|huya_123321","huya|116864|huya_116864","huya|273493|huya_273493","huya|10188|huya_10188"],"pendingKeys":["huya|149721|huya_149721","douyu|178432|douyu_178432","douyin|555822117681|douyin_555822117681","kuaishou|hrj20011221|kuaishou_hrj20011221","huya|152754|huya_152754","douyu|6979222|douyu_6979222","douyin|94900815675|douyin_94900815675","kuaishou|xzx11234|kuaishou_xzx11234","huya|321123|huya_321123","kuaishou|tingan666|kuaishou_tingan666","huya|123321|huya_123321","huya|116864|huya_116864","huya|273493|huya_273493","huya|10188|huya_10188"]}
[INFO] 14:12:52：GOING TO ROUTE /room/detail?roomId=998
[INFO] 14:12:52：Instance "LiveRoomController" has been created
[INFO] 14:12:52：Instance "LiveRoomController" has been initialized
[DEBUG] 14:12:52：播放器日志：PlayerLog(prefix: media_kit, level: error, text: error: property not found _setProperty(osc, 1))
[INFO] 14:12:52：读取直播间信息完成：huya/998 65ms
[INFO] 14:12:52：读取直播间信息完成：huya/998 65ms
[DEBUG] 14:12:52：Set LocalStorage: LastLiveRoom
{"siteId":"huya","roomId":"998","savedAt":"2026-08-03T14:12:52.474651"}
[INFO] 14:12:52：直播间加载流程结束：huya/998 85ms
[INFO] 14:12:52：直播间加载流程结束：huya/998 85ms
[DEBUG] 14:12:52：Get LocalStorage: RoomQualityMemory
{"kuaishou":{"qualityLocked":true,"line":0,"quality":0}}
[DEBUG] 14:12:52：Set LocalStorage: LastLiveRoomResumePending
false
[DEBUG] 14:12:52：Get LocalStorage: RoomQualityMemory
{"kuaishou":{"qualityLocked":true,"line":0,"quality":0}}
[INFO] 14:12:52：准备打开播放器：target=huya/998 quality=蓝光30M line=2/3 previousPlaying=false previousSize=nullxnull profile=balanced, hardwareDecode=true, vo=gpu(profile:balanced), hwdec=auto-safe(profile:balanced), mpvOptions=7
[INFO] 14:12:52：准备打开播放器：target=huya/998 quality=蓝光30M line=2/3 previousPlaying=false previousSize=nullxnull profile=balanced, hardwareDecode=true, vo=gpu(profile:balanced), hwdec=auto-safe(profile:balanced), mpvOptions=7
[DEBUG] 14:12:52：width:null  W:null  H:null
[DEBUG] 14:12:52：height:null  W:null  H:null
[DEBUG] 14:12:52：播放器日志：PlayerLog(prefix: playlist, level: warn, text: Reading plaintext playlist.)
[DEBUG] 14:12:52：Playing
[INFO] 14:12:52：播放器打开完成：huya/998 31ms line=2/3 size=nullxnull
[INFO] 14:12:52：播放器打开完成：huya/998 31ms line=2/3 size=nullxnull
[DEBUG] 14:12:52：播放链接
http://tx.flv.huya.com/src/294636272-294636272-1265453152455360512-589396000-10057-A-0-1-imgplus.flv?wsSecret=6fbcea7ec67233d236f5fcadf24b6efb&wsTime=6a703291&seqid=1786032208920&ctype=huya_pc_exe&ver=1&fs=gctex&fm=RFdxOEJjSjNoNkRKdDZUWV8kMF8kMV8kMl8kMw%3D%3D&t=0&u=2412441617&codec=264
[DEBUG] 14:12:52：Set LocalStorage: FollowRefreshTaskState
{"scopeKey":"all","total":14,"successCount":10,"failedCount":0,"deferredCount":0,"updatedAt":"2026-08-03T14:12:52.859445"}
[DEBUG] 14:12:52：Set LocalStorage: FollowRefreshTaskTargets
{"orderedKeys":["huya|149721|huya_149721","douyu|178432|douyu_178432","douyin|555822117681|douyin_555822117681","kuaishou|hrj20011221|kuaishou_hrj20011221","huya|152754|huya_152754","douyu|6979222|douyu_6979222","douyin|94900815675|douyin_94900815675","kuaishou|xzx11234|kuaishou_xzx11234","huya|321123|huya_321123","kuaishou|tingan666|kuaishou_tingan666","huya|123321|huya_123321","huya|116864|huya_116864","huya|273493|huya_273493","huya|10188|huya_10188"],"pendingKeys":["kuaishou|xzx11234|kuaishou_xzx11234","kuaishou|tingan666|kuaishou_tingan666","huya|273493|huya_273493","huya|10188|huya_10188"]}
[DEBUG] 14:12:53：播放器日志：PlayerLog(prefix: lavf, level: error, text: Failed to create file cache.)
[DEBUG] 14:12:53：播放器日志：PlayerLog(prefix: cplayer, level: info, text: (+) Video --vid=1 (h264 2560x1440 60.000fps))
[DEBUG] 14:12:53：播放器日志：PlayerLog(prefix: cplayer, level: info, text: (+) Audio --aid=1 (aac 2ch 44100Hz))
[DEBUG] 14:12:53：播放器日志：PlayerLog(prefix: cplayer, level: info, text: (+) Subs  --sid=1 (text))
[DEBUG] 14:12:53：播放器日志：PlayerLog(prefix: vd, level: info, text: Using hardware decoding (videotoolbox).)
[DEBUG] 14:12:53：播放器日志：PlayerLog(prefix: cplayer, level: info, text: AO: [audiounit] 44100Hz stereo 2ch floatp)
[DEBUG] 14:12:53：播放器日志：PlayerLog(prefix: cplayer, level: info, text: VO: [libmpv] 2560x1440 videotoolbox[nv12])
[DEBUG] 14:12:53：Set LocalStorage: FollowRefreshTaskState
{"scopeKey":"all","total":14,"successCount":14,"failedCount":0,"deferredCount":0,"updatedAt":"2026-08-03T14:12:53.148507"}
[INFO] 14:12:53：抖音关注刷新总结 scope=all target=2 startConcurrency=2 startInterval=220ms finalInterval=220ms success=2 limited=0 cooldown=false elapsed=2259ms failed=0 deferred=0 limitedObserved=0
[DEBUG] 14:12:53：Remove LocalStorage: FollowRefreshTaskState
[DEBUG] 14:12:53：Set LocalStorage: FollowRefreshTaskTargets
{"orderedKeys":["huya|149721|huya_149721","douyu|178432|douyu_178432","douyin|555822117681|douyin_555822117681","kuaishou|hrj20011221|kuaishou_hrj20011221","huya|152754|huya_152754","douyu|6979222|douyu_6979222","douyin|94900815675|douyin_94900815675","kuaishou|xzx11234|kuaishou_xzx11234","huya|321123|huya_321123","kuaishou|tingan666|kuaishou_tingan666","huya|123321|huya_123321","huya|116864|huya_116864","huya|273493|huya_273493","huya|10188|huya_10188"],"pendingKeys":[]}
[DEBUG] 14:12:53：Remove LocalStorage: FollowRefreshTaskTargets
[INFO] 14:12:53：关注状态阶段完成
[DEBUG] 14:12:53：width:2560  W:2560  H:1440
[DEBUG] 14:12:53：height:1440  W:2560  H:1440
[DEBUG] 14:12:54：PlayerGesture: onTap showControls=false lock=false fullScreen=true
[DEBUG] 14:12:55：RightSideDialogRoute: opened title=设置 request=1
#0      Utils._openRightDialog (package:simple_live_app/app/utils.dart:176)
<asynchronous suspension>

[DEBUG] 14:12:55：RightSideDialogRoute: didChangeNext title=设置 next=null completed=false isCurrent=true isActive=true
[DEBUG] 14:12:55：RightSideDialogRoute: onPopInvoked title=设置 didPop=true
#0      _RightSideDialogRoute.onPopInvoked (package:simple_live_app/app/utils.dart:622)
#1      _RouteEntry.pop (package:flutter/src/widgets/navigator.dart:3112)
#2      NavigatorState.pop (package:flutter/src/widgets/navigator.dart:5287)
#3      NavigatorState.maybePop (package:flutter/src/widgets/navigator.dart:5239)
<asynchronous suspension>

[DEBUG] 14:12:55：RightSideDialogRoute: didComplete title=设置 (pop 完成)
#0      _RightSideDialogRoute.didComplete (package:simple_live_app/app/utils.dart:616)
#1      Route.didPop (package:flutter/src/widgets/navigator.dart:401)
#2      OverlayRoute.didPop (package:flutter/src/widgets/routes.dart:78)
#3      TransitionRoute.didPop (package:flutter/src/widgets/routes.dart:307)
#4      LocalHistoryRoute.didPop (package:flutter/src/widgets/routes.dart:869)
#5      _RouteEntry.handlePop (package:flutter/src/widgets/navigator.dart:3072)
#6      NavigatorState._flushHistoryUpdates (package:flutter/src/widgets/navigator.dart:4266)
#7      NavigatorState.pop (package:flutter/src/widgets/navigator.dart:5291)
#8      NavigatorState.maybePop (package:flutter/src/widgets/navigator.dart:5239)
<asynchronous suspension>

[DEBUG] 14:12:55：RightSideDialogRoute disposed (title=设置, isCurrent=false, isActive=false)
[DEBUG] 14:12:56：RightSideDialogRoute: opened title=添加直播间 request=2
#0      Utils._openRightDialog (package:simple_live_app/app/utils.dart:176)
<asynchronous suspension>

[DEBUG] 14:12:56：RightSideDialogRoute: didChangeNext title=添加直播间 next=null completed=false isCurrent=true isActive=true
[DEBUG] 14:12:56：RightSideDialogRoute: onPopInvoked title=添加直播间 didPop=true
#0      _RightSideDialogRoute.onPopInvoked (package:simple_live_app/app/utils.dart:622)
#1      _RouteEntry.pop (package:flutter/src/widgets/navigator.dart:3112)
#2      NavigatorState.pop (package:flutter/src/widgets/navigator.dart:5287)
#3      NavigatorState.maybePop (package:flutter/src/widgets/navigator.dart:5239)
<asynchronous suspension>

[DEBUG] 14:12:56：RightSideDialogRoute: didComplete title=添加直播间 (pop 完成)
#0      _RightSideDialogRoute.didComplete (package:simple_live_app/app/utils.dart:616)
#1      Route.didPop (package:flutter/src/widgets/navigator.dart:401)
#2      OverlayRoute.didPop (package:flutter/src/widgets/routes.dart:78)
#3      TransitionRoute.didPop (package:flutter/src/widgets/routes.dart:307)
#4      LocalHistoryRoute.didPop (package:flutter/src/widgets/routes.dart:869)
#5      _RouteEntry.handlePop (package:flutter/src/widgets/navigator.dart:3072)
#6      NavigatorState._flushHistoryUpdates (package:flutter/src/widgets/navigator.dart:4266)
#7      NavigatorState.pop (package:flutter/src/widgets/navigator.dart:5291)
#8      NavigatorState.maybePop (package:flutter/src/widgets/navigator.dart:5239)
<asynchronous suspension>

[DEBUG] 14:12:57：RightSideDialogRoute disposed (title=添加直播间, isCurrent=false, isActive=false)
[DEBUG] 14:12:57：RightSideDialogRoute: opened title=快捷入口 request=3
#0      Utils._openRightDialog (package:simple_live_app/app/utils.dart:176)
<asynchronous suspension>

[DEBUG] 14:12:57：RightSideDialogRoute: didChangeNext title=快捷入口 next=null completed=false isCurrent=true isActive=true
[DEBUG] 14:12:57：RightSideDialogRoute: onPopInvoked title=快捷入口 didPop=true
#0      _RightSideDialogRoute.onPopInvoked (package:simple_live_app/app/utils.dart:622)
#1      _RouteEntry.pop (package:flutter/src/widgets/navigator.dart:3112)
#2      NavigatorState.pop (package:flutter/src/widgets/navigator.dart:5287)
#3      NavigatorState.maybePop (package:flutter/src/widgets/navigator.dart:5239)
<asynchronous suspension>

[DEBUG] 14:12:57：RightSideDialogRoute: didComplete title=快捷入口 (pop 完成)
#0      _RightSideDialogRoute.didComplete (package:simple_live_app/app/utils.dart:616)
#1      Route.didPop (package:flutter/src/widgets/navigator.dart:401)
#2      OverlayRoute.didPop (package:flutter/src/widgets/routes.dart:78)
#3      TransitionRoute.didPop (package:flutter/src/widgets/routes.dart:307)
#4      LocalHistoryRoute.didPop (package:flutter/src/widgets/routes.dart:869)
#5      _RouteEntry.handlePop (package:flutter/src/widgets/navigator.dart:3072)
#6      NavigatorState._flushHistoryUpdates (package:flutter/src/widgets/navigator.dart:4266)
#7      NavigatorState.pop (package:flutter/src/widgets/navigator.dart:5291)
#8      NavigatorState.maybePop (package:flutter/src/widgets/navigator.dart:5239)
<asynchronous suspension>

[DEBUG] 14:12:57：RightSideDialogRoute disposed (title=快捷入口, isCurrent=false, isActive=false)
[INFO] 14:12:59：CLOSE TO ROUTE /room/detail?roomId=998
[DEBUG] 14:12:59：Set LocalStorage: LastLiveRoomResumePending
false
[INFO] 14:12:59："LiveRoomController" onDelete() called
[INFO] 14:12:59："LiveRoomController" deleted from memory
[DEBUG] 14:12:59：播放器日志：PlayerLog(prefix: cplayer, level: info, text: )
[DEBUG] 14:12:59：width:null  W:null  H:null
[DEBUG] 14:12:59：height:null  W:null  H:null
[WARNING] 14:12:59：播放器关闭
[INFO] 14:12:59：Instance "CategoryController" has been created
[INFO] 14:12:59：Instance "CategoryListController" has been created with tag "huya"
[INFO] 14:12:59：Instance "CategoryListController" with tag "huya" has been initialized
[INFO] 14:12:59：Instance "CategoryListController" has been created with tag "douyin"
[INFO] 14:12:59：Instance "CategoryListController" with tag "douyin" has been initialized
[INFO] 14:12:59：Instance "CategoryListController" has been created with tag "kuaishou"
[INFO] 14:12:59：Instance "CategoryListController" with tag "kuaishou" has been initialized
[INFO] 14:12:59：Instance "CategoryListController" has been created with tag "bilibili"
[INFO] 14:12:59：Instance "CategoryListController" with tag "bilibili" has been initialized
[INFO] 14:12:59：Instance "CategoryListController" has been created with tag "douyu"
[INFO] 14:12:59：Instance "CategoryListController" with tag "douyu" has been initialized
[INFO] 14:12:59：Instance "CategoryController" has been initialized
[INFO] 14:13:07：GOING TO ROUTE /settings/other
[INFO] 14:13:07：Instance "OtherSettingsController" has been created
[INFO] 14:13:07：Instance "OtherSettingsController" has been initialized
[DEBUG] 14:13:07：Get LocalStorage: SyncServerUrl

[DEBUG] 14:13:07：Get LocalStorage: SyncServerUrl

[DEBUG] 14:13:07：Get LocalStorage: SyncProxyUrl

[DEBUG] 14:13:09：Set LocalStorage: LogEnable
false
