System Info:
Current Time: 2026-08-03 15:04:55.522705
Platform: ios
Version: Version 26.6 (Build 23G71)
Local: zh_Hans_CN
App Version: 1.13.0+11300
{systemName: iPadOS, isPhysicalDevice: true, utsname: {release: 25.6.0, sysname: Darwin, nodename: localhost, machine: iPad17,1, version: Darwin Kernel Version 25.6.0: Sat Jul 11 15:47:44 PDT 2026; root:xnu-12377.162.13~2/RELEASE_ARM64_T8142}, model: iPad, localizedModel: iPad, systemVersion: 26.6, name: iPad, identifierForVendor: 04E7F1B5-985E-4B47-A7B9-FB0985B1815D}
End System Info
[DEBUG] 15:04:56：AppNavigation: global pointer up at Instance of 'Offset'
[INFO] 15:04:56：CLOSE TO ROUTE /settings/other
[DEBUG] 15:04:56：AppNavigation: routingCallback cur=/index prev=/index
[DEBUG] 15:04:56：AppNavigation: didPop GetPageRoute<dynamic> prev=GetPageRoute<dynamic>
#0      _RouteDiagObserver.didPop (package:simple_live_app/main.dart:102)
#1      _NavigatorPopObservation.notify (package:flutter/src/widgets/navigator.dart:3384)
#2      List.forEach (dart:core-patch/growable_array.dart:416)
#3      NavigatorState._flushObserverNotifications (package:flutter/src/widgets/navigator.dart:4373)
#4      NavigatorState._flushHistoryUpdates (package:flutter/src/widgets/navigator.dart:4330)
#5      NavigatorState.pop (package:flutter/src/widgets/navigator.dart:5291)
#6      NavigatorState.maybePop (package:flutter/src/widgets/navigator.dart:5239)
<asynchronous suspension>

[INFO] 15:04:56："OtherSettingsController" onDelete() called
[INFO] 15:04:56："OtherSettingsController" deleted from memory
[DEBUG] 15:04:56：AppNavigation: global pointer up at Instance of 'Offset'
[DEBUG] 15:04:57：AppNavigation: global pointer up at Instance of 'Offset'
[DEBUG] 15:04:59：AppNavigation: global pointer up at Instance of 'Offset'
[INFO] 15:04:59：GOING TO ROUTE /room/detail?roomId=998
[DEBUG] 15:04:59：AppNavigation: routingCallback cur=/room/detail?roomId=998 prev=/index
[DEBUG] 15:04:59：AppNavigation: didPush GetPageRoute<dynamic> prev=GetPageRoute<dynamic>
#0      _RouteDiagObserver.didPush (package:simple_live_app/main.dart:96)
#1      _NavigatorPushObservation.notify (package:flutter/src/widgets/navigator.dart:3372)
#2      List.forEach (dart:core-patch/growable_array.dart:416)
#3      NavigatorState._flushObserverNotifications (package:flutter/src/widgets/navigator.dart:4368)
#4      NavigatorState._flushHistoryUpdates (package:flutter/src/widgets/navigator.dart:4330)
#5      NavigatorState._pushEntry (package:flutter/src/widgets/navigator.dart:4825)
#6      NavigatorState.push (package:flutter/src/widgets/navigator.dart:4774)
#7      NavigatorState.pushNamed (package:flutter/src/widgets/navigator.dart:4502)
#8      GetNavigation.toNamed (package:get/get_navigation/src/extension_navigation.dart:596)
#9      AppNavigator.toLiveRoomDetail (package:simple_live_app/routes/app_navigation.dart:110)
#10     LiveRoomCard.build.<anonymous closure> (package:simple_live_app/widgets/live_room_card.dart:23)
#11     _InkResponseState.handleTap (package:flutter/src/material/ink_well.dart:1171)
#12     GestureRecognizer.invokeCallback (package:flutter/src/gestures/recognizer.dart:344)
#13     TapGestureRecognizer.handleTapUp (package:flutter/src/gestures/tap.dart:652)
#14     BaseTapGestureRecognizer._checkUp (package:flutter/src/gestures/tap.dart:309)
#15     BaseTapGestureRecognizer.acceptGesture (package:flutter/src/gestures/tap.dart:279)
#16     GestureArenaManager.sweep (package:flutter/src/gestures/arena.dart:167)
#17     GestureBinding.handleEvent (package:flutter/src/gestures/binding.dart:499)
#18     GestureBinding.dispatchEvent (package:flutter/src/gestures/binding.dart:475)
#19     RendererBinding.dispatchEvent (package:flutter/src/rendering/binding.dart:425)
#20     GestureBinding._handlePointerEventImmediately (package:flutter/src/gestures/binding.dart:420)
#21     GestureBinding.handlePointerEvent (package:flutter/src/gestures/binding.dart:383)
#22     GestureBinding._flushPointerEventQueue (package:flutter/src/gestures/binding.dart:330)
#23     GestureBinding._handlePointerDataPacket (package:flutter/src/gestures/binding.dart:299)
#24     _invoke1 (dart:ui/hooks.dart:328)
#25     PlatformDispatcher._dispatchPointerDataPacket (dart:ui/platform_dispatcher.dart:442)
#26     _dispatchPointerDataPacket (dart:ui/hooks.dart:262)

[INFO] 15:04:59：Instance "LiveRoomController" has been created
[DEBUG] 15:04:59：SystemUi: coordinator drain revision=2 keepAwake=false immersive=false appliedRev=1 appliedImm=false
[INFO] 15:04:59：Instance "LiveRoomController" has been initialized
[DEBUG] 15:04:59：播放器日志：PlayerLog(prefix: media_kit, level: error, text: error: property not found _setProperty(osc, 1))
[INFO] 15:04:59：读取直播间信息完成：huya/998 204ms
[INFO] 15:04:59：读取直播间信息完成：huya/998 204ms
[DEBUG] 15:04:59：Set LocalStorage: LastLiveRoom
{"siteId":"huya","roomId":"998","savedAt":"2026-08-03T15:04:59.995989"}
[INFO] 15:04:59：直播间加载流程结束：huya/998 223ms
[INFO] 15:04:59：直播间加载流程结束：huya/998 223ms
[DEBUG] 15:04:59：Get LocalStorage: RoomQualityMemory
{"kuaishou":{"qualityLocked":true,"line":0,"quality":0}}
[DEBUG] 15:04:59：Set LocalStorage: LastLiveRoomResumePending
false
[DEBUG] 15:05:00：Get LocalStorage: RoomQualityMemory
{"kuaishou":{"qualityLocked":true,"line":0,"quality":0}}
[INFO] 15:05:00：准备打开播放器：target=huya/998 quality=蓝光30M line=2/3 previousPlaying=false previousSize=nullxnull profile=balanced, hardwareDecode=true, vo=gpu(profile:balanced), hwdec=auto-safe(profile:balanced), mpvOptions=7
[INFO] 15:05:00：准备打开播放器：target=huya/998 quality=蓝光30M line=2/3 previousPlaying=false previousSize=nullxnull profile=balanced, hardwareDecode=true, vo=gpu(profile:balanced), hwdec=auto-safe(profile:balanced), mpvOptions=7
[DEBUG] 15:05:00：width:null  W:null  H:null
[DEBUG] 15:05:00：height:null  W:null  H:null
[DEBUG] 15:05:00：播放器日志：PlayerLog(prefix: playlist, level: warn, text: Reading plaintext playlist.)
[DEBUG] 15:05:00：SystemUi: coordinator drain revision=3 keepAwake=true immersive=false appliedRev=2 appliedImm=false
[DEBUG] 15:05:00：Playing
[INFO] 15:05:00：播放器打开完成：huya/998 11ms line=2/3 size=nullxnull
[INFO] 15:05:00：播放器打开完成：huya/998 11ms line=2/3 size=nullxnull
[DEBUG] 15:05:00：播放链接
http://tx.flv.huya.com/src/294636272-294636272-1265453152455360512-589396000-10057-A-0-1-imgplus.flv?wsSecret=693e079f2d540a443c88cfc148eb26b3&wsTime=6a703ec8&seqid=1786035336500&ctype=huya_pc_exe&ver=1&fs=gctex&fm=RFdxOEJjSjNoNkRKdDZUWV8kMF8kMV8kMl8kMw%3D%3D&t=0&u=2412441617&codec=264
[DEBUG] 15:05:00：播放器日志：PlayerLog(prefix: lavf, level: error, text: Failed to create file cache.)
[DEBUG] 15:05:00：播放器日志：PlayerLog(prefix: cplayer, level: info, text: (+) Video --vid=1 (h264 2560x1440 60.000fps))
[DEBUG] 15:05:00：播放器日志：PlayerLog(prefix: cplayer, level: info, text: (+) Audio --aid=1 (aac 2ch 44100Hz))
[DEBUG] 15:05:00：播放器日志：PlayerLog(prefix: cplayer, level: info, text: (+) Subs  --sid=1 (text))
[DEBUG] 15:05:00：播放器日志：PlayerLog(prefix: vd, level: info, text: Using hardware decoding (videotoolbox).)
[DEBUG] 15:05:00：播放器日志：PlayerLog(prefix: cplayer, level: info, text: AO: [audiounit] 44100Hz stereo 2ch floatp)
[DEBUG] 15:05:00：播放器日志：PlayerLog(prefix: cplayer, level: info, text: VO: [libmpv] 2560x1440 videotoolbox[nv12])
[DEBUG] 15:05:00：width:2560  W:2560  H:1440
[DEBUG] 15:05:00：height:1440  W:2560  H:1440
[DEBUG] 15:05:01：AppNavigation: global pointer up at Instance of 'Offset'
[DEBUG] 15:05:01：SystemUi: setLandscapeOrientation enter
[DEBUG] 15:05:01：SystemUi: restoreFullScreenSystemUi enter fullScreen=true smallWindow=false
[DEBUG] 15:05:01：SystemUi: coordinator drain revision=4 keepAwake=true immersive=true appliedRev=3 appliedImm=false
[DEBUG] 15:05:01：SystemUi: coordinator apply immersive=true
[DEBUG] 15:05:01：SystemUi: native setHidden=true ok
[DEBUG] 15:05:01：SystemUi: coordinator iOS recheck scheduled
[DEBUG] 15:05:01：AppNavigation: global pointer up at Instance of 'Offset'
[DEBUG] 15:05:01：SystemUi: coordinator apply immersive=true
[DEBUG] 15:05:01：SystemUi: native setHidden=true ok
[DEBUG] 15:05:01：SystemUi: coordinator drain revision=5 keepAwake=true immersive=true appliedRev=4 appliedImm=null
[DEBUG] 15:05:01：SystemUi: coordinator apply immersive=true
[DEBUG] 15:05:01：SystemUi: native setHidden=true ok
[DEBUG] 15:05:01：SystemUi: coordinator iOS recheck scheduled
[DEBUG] 15:05:01：SystemUi: reapply hidden at 250ms
[DEBUG] 15:05:02：SystemUi: coordinator apply immersive=true
[DEBUG] 15:05:02：SystemUi: native setHidden=true ok
[DEBUG] 15:05:02：SystemUi: reapply hidden at 500ms
[DEBUG] 15:05:02：AppNavigation: global pointer up at Instance of 'Offset'
[DEBUG] 15:05:03：PlayerGesture: onTap showControls=false lock=false fullScreen=true
[DEBUG] 15:05:03：SystemUi: reapply hidden at 900ms
[DEBUG] 15:05:04：AppNavigation: global pointer up at Instance of 'Offset'
[DEBUG] 15:05:04：RightSideDialogRoute: opened title=添加直播间 request=1
#0      Utils._openRightDialog (package:simple_live_app/app/utils.dart:176)
<asynchronous suspension>

[DEBUG] 15:05:04：RightSideDialogRoute: didChangeNext title=添加直播间 next=null completed=false isCurrent=true isActive=true
[DEBUG] 15:05:04：AppNavigation: routingCallback cur=/room/detail?roomId=998 prev=/room/detail?roomId=998
[DEBUG] 15:05:04：AppNavigation: didPush _RightSideDialogRoute prev=GetPageRoute<dynamic>
#0      _RouteDiagObserver.didPush (package:simple_live_app/main.dart:96)
#1      _NavigatorPushObservation.notify (package:flutter/src/widgets/navigator.dart:3372)
#2      List.forEach (dart:core-patch/growable_array.dart:416)
#3      NavigatorState._flushObserverNotifications (package:flutter/src/widgets/navigator.dart:4368)
#4      NavigatorState._flushHistoryUpdates (package:flutter/src/widgets/navigator.dart:4330)
#5      NavigatorState._pushEntry (package:flutter/src/widgets/navigator.dart:4825)
#6      NavigatorState.push (package:flutter/src/widgets/navigator.dart:4774)
#7      Utils._openRightDialog (package:simple_live_app/app/utils.dart:177)
<asynchronous suspension>

[DEBUG] 15:05:04：RightSideDialogRoute: barrier enabled title=添加直播间
[DEBUG] 15:05:04：AppNavigation: global pointer up at Instance of 'Offset'
[DEBUG] 15:05:04：RightSideDialogRoute: onPopInvoked title=添加直播间 didPop=true
#0      _RightSideDialogRoute.onPopInvoked (package:simple_live_app/app/utils.dart:646)
#1      _RouteEntry.pop (package:flutter/src/widgets/navigator.dart:3112)
#2      NavigatorState.pop (package:flutter/src/widgets/navigator.dart:5287)
#3      NavigatorState.maybePop (package:flutter/src/widgets/navigator.dart:5239)
<asynchronous suspension>

[DEBUG] 15:05:04：RightSideDialogRoute: didComplete title=添加直播间 (pop 完成)
#0      _RightSideDialogRoute.didComplete (package:simple_live_app/app/utils.dart:640)
#1      Route.didPop (package:flutter/src/widgets/navigator.dart:401)
#2      OverlayRoute.didPop (package:flutter/src/widgets/routes.dart:78)
#3      TransitionRoute.didPop (package:flutter/src/widgets/routes.dart:307)
#4      LocalHistoryRoute.didPop (package:flutter/src/widgets/routes.dart:869)
#5      _RouteEntry.handlePop (package:flutter/src/widgets/navigator.dart:3072)
#6      NavigatorState._flushHistoryUpdates (package:flutter/src/widgets/navigator.dart:4266)
#7      NavigatorState.pop (package:flutter/src/widgets/navigator.dart:5291)
#8      NavigatorState.maybePop (package:flutter/src/widgets/navigator.dart:5239)
<asynchronous suspension>

[DEBUG] 15:05:04：AppNavigation: routingCallback cur=/room/detail?roomId=998 prev=/room/detail?roomId=998
[DEBUG] 15:05:04：AppNavigation: didPop _RightSideDialogRoute prev=GetPageRoute<dynamic>
#0      _RouteDiagObserver.didPop (package:simple_live_app/main.dart:102)
#1      _NavigatorPopObservation.notify (package:flutter/src/widgets/navigator.dart:3384)
#2      List.forEach (dart:core-patch/growable_array.dart:416)
#3      NavigatorState._flushObserverNotifications (package:flutter/src/widgets/navigator.dart:4373)
#4      NavigatorState._flushHistoryUpdates (package:flutter/src/widgets/navigator.dart:4330)
#5      NavigatorState.pop (package:flutter/src/widgets/navigator.dart:5291)
#6      NavigatorState.maybePop (package:flutter/src/widgets/navigator.dart:5239)
<asynchronous suspension>

[DEBUG] 15:05:04：RightSideDialogRoute disposed (title=添加直播间, isCurrent=false, isActive=false)
#0      _RightSideDialogRoute.dispose (package:simple_live_app/app/utils.dart:634)
#1      _RouteEntry.forcedDispose (package:flutter/src/widgets/navigator.dart:3165)
#2      _RouteEntry.dispose.<anonymous closure>.<anonymous closure> (package:flutter/src/widgets/navigator.dart:3220)
#3      _microtaskLoop (dart:async/schedule_microtask.dart:40)
#4      _startMicrotaskLoop (dart:async/schedule_microtask.dart:49)

[DEBUG] 15:05:10：AppNavigation: global pointer up at Instance of 'Offset'
[DEBUG] 15:05:10：SystemUi: coordinator drain revision=6 keepAwake=true immersive=false appliedRev=5 appliedImm=true
[DEBUG] 15:05:10：SystemUi: coordinator apply immersive=false
[DEBUG] 15:05:11：AppNavigation: global pointer up at Instance of 'Offset'
[DEBUG] 15:05:11：AppNavigation: global pointer up at Instance of 'Offset'
[INFO] 15:05:11：CLOSE TO ROUTE /room/detail?roomId=998
[DEBUG] 15:05:11：AppNavigation: routingCallback cur=/index prev=/index
[DEBUG] 15:05:11：AppNavigation: didPop GetPageRoute<dynamic> prev=GetPageRoute<dynamic>
#0      _RouteDiagObserver.didPop (package:simple_live_app/main.dart:102)
#1      _NavigatorPopObservation.notify (package:flutter/src/widgets/navigator.dart:3384)
#2      List.forEach (dart:core-patch/growable_array.dart:416)
#3      NavigatorState._flushObserverNotifications (package:flutter/src/widgets/navigator.dart:4373)
#4      NavigatorState._flushHistoryUpdates (package:flutter/src/widgets/navigator.dart:4330)
#5      NavigatorState.pop (package:flutter/src/widgets/navigator.dart:5291)
#6      LiveRoomPage._handleBack (package:simple_live_app/modules/live_room/live_room_page.dart:411)
<asynchronous suspension>

[DEBUG] 15:05:12：Set LocalStorage: LastLiveRoomResumePending
false
[INFO] 15:05:12："LiveRoomController" onDelete() called
[INFO] 15:05:12："LiveRoomController" deleted from memory
[DEBUG] 15:05:12：AppNavigation: global pointer up at Instance of 'Offset'
[DEBUG] 15:05:12：播放器日志：PlayerLog(prefix: cplayer, level: info, text: )
[DEBUG] 15:05:12：SystemUi: coordinator drain revision=7 keepAwake=false immersive=false appliedRev=6 appliedImm=false
[DEBUG] 15:05:12：width:null  W:null  H:null
[DEBUG] 15:05:12：height:null  W:null  H:null
[WARNING] 15:05:12：播放器关闭
[DEBUG] 15:05:12：SystemUi: coordinator drain revision=8 keepAwake=false immersive=false appliedRev=6 appliedImm=false
[DEBUG] 15:05:12：AppNavigation: global pointer up at Instance of 'Offset'
[DEBUG] 15:05:13：AppNavigation: global pointer up at Instance of 'Offset'
[DEBUG] 15:05:14：AppNavigation: global pointer up at Instance of 'Offset'
[INFO] 15:05:14：GOING TO ROUTE /settings/other
[DEBUG] 15:05:14：AppNavigation: routingCallback cur=/settings/other prev=/index
[DEBUG] 15:05:14：AppNavigation: didPush GetPageRoute<dynamic> prev=GetPageRoute<dynamic>
#0      _RouteDiagObserver.didPush (package:simple_live_app/main.dart:96)
#1      _NavigatorPushObservation.notify (package:flutter/src/widgets/navigator.dart:3372)
#2      List.forEach (dart:core-patch/growable_array.dart:416)
#3      NavigatorState._flushObserverNotifications (package:flutter/src/widgets/navigator.dart:4368)
#4      NavigatorState._flushHistoryUpdates (package:flutter/src/widgets/navigator.dart:4330)
#5      NavigatorState._pushEntry (package:flutter/src/widgets/navigator.dart:4825)
#6      NavigatorState.push (package:flutter/src/widgets/navigator.dart:4774)
#7      NavigatorState.pushNamed (package:flutter/src/widgets/navigator.dart:4502)
#8      GetNavigation.toNamed (package:get/get_navigation/src/extension_navigation.dart:596)
#9      MinePage.build.<anonymous closure> (package:simple_live_app/modules/mine/mine_page.dart:232)
#10     _InkResponseState.handleTap (package:flutter/src/material/ink_well.dart:1171)
#11     GestureRecognizer.invokeCallback (package:flutter/src/gestures/recognizer.dart:344)
#12     TapGestureRecognizer.handleTapUp (package:flutter/src/gestures/tap.dart:652)
#13     BaseTapGestureRecognizer._checkUp (package:flutter/src/gestures/tap.dart:309)
#14     BaseTapGestureRecognizer.acceptGesture (package:flutter/src/gestures/tap.dart:279)
#15     GestureArenaManager.sweep (package:flutter/src/gestures/arena.dart:167)
#16     GestureBinding.handleEvent (package:flutter/src/gestures/binding.dart:499)
#17     GestureBinding.dispatchEvent (package:flutter/src/gestures/binding.dart:475)
#18     RendererBinding.dispatchEvent (package:flutter/src/rendering/binding.dart:425)
#19     GestureBinding._handlePointerEventImmediately (package:flutter/src/gestures/binding.dart:420)
#20     GestureBinding.handlePointerEvent (package:flutter/src/gestures/binding.dart:383)
#21     GestureBinding._flushPointerEventQueue (package:flutter/src/gestures/binding.dart:330)
#22     GestureBinding._handlePointerDataPacket (package:flutter/src/gestures/binding.dart:299)
#23     _invoke1 (dart:ui/hooks.dart:328)
#24     PlatformDispatcher._dispatchPointerDataPacket (dart:ui/platform_dispatcher.dart:442)
#25     _dispatchPointerDataPacket (dart:ui/hooks.dart:262)

[INFO] 15:05:14：Instance "OtherSettingsController" has been created
[INFO] 15:05:14：Instance "OtherSettingsController" has been initialized
[DEBUG] 15:05:14：Get LocalStorage: SyncServerUrl

[DEBUG] 15:05:14：Get LocalStorage: SyncServerUrl

[DEBUG] 15:05:14：Get LocalStorage: SyncProxyUrl

[DEBUG] 15:05:15：AppNavigation: global pointer up at Instance of 'Offset'
[DEBUG] 15:05:17：AppNavigation: global pointer up at Instance of 'Offset'
[DEBUG] 15:05:17：Set LocalStorage: LogEnable
false
