System Info:
Current Time: 2026-08-03 15:38:55.471595
Platform: ios
Version: Version 26.6 (Build 23G71)
Local: zh_Hans_CN
App Version: 1.13.0+11300
{systemName: iPadOS, isPhysicalDevice: true, utsname: {release: 25.6.0, sysname: Darwin, nodename: localhost, machine: iPad17,1, version: Darwin Kernel Version 25.6.0: Sat Jul 11 15:47:44 PDT 2026; root:xnu-12377.162.13~2/RELEASE_ARM64_T8142}, model: iPad, localizedModel: iPad, systemVersion: 26.6, name: iPad, identifierForVendor: 04E7F1B5-985E-4B47-A7B9-FB0985B1815D}
End System Info
[DEBUG] 15:38:56：AppNavigation: global pointer up at Instance of 'Offset'
[INFO] 15:38:56：CLOSE TO ROUTE /settings/other
[DEBUG] 15:38:56：AppNavigation: routingCallback cur=/index prev=/index
[DEBUG] 15:38:56：AppNavigation: didPop GetPageRoute<dynamic> prev=GetPageRoute<dynamic>
#0      _RouteDiagObserver.didPop (package:simple_live_app/main.dart:102)
#1      _NavigatorPopObservation.notify (package:flutter/src/widgets/navigator.dart:3384)
#2      List.forEach (dart:core-patch/growable_array.dart:416)
#3      NavigatorState._flushObserverNotifications (package:flutter/src/widgets/navigator.dart:4373)
#4      NavigatorState._flushHistoryUpdates (package:flutter/src/widgets/navigator.dart:4330)
#5      NavigatorState.pop (package:flutter/src/widgets/navigator.dart:5291)
#6      NavigatorState.maybePop (package:flutter/src/widgets/navigator.dart:5239)
<asynchronous suspension>

[INFO] 15:38:56："OtherSettingsController" onDelete() called
[INFO] 15:38:56："OtherSettingsController" deleted from memory
[DEBUG] 15:39:00：AppNavigation: global pointer up at Instance of 'Offset'
[DEBUG] 15:39:00：AppNavigation: global pointer up at Instance of 'Offset'
[DEBUG] 15:39:01：AppNavigation: global pointer up at Instance of 'Offset'
[INFO] 15:39:01：GOING TO ROUTE /room/detail?roomId=998
[DEBUG] 15:39:01：AppNavigation: routingCallback cur=/room/detail?roomId=998 prev=/index
[DEBUG] 15:39:01：AppNavigation: didPush GetPageRoute<dynamic> prev=GetPageRoute<dynamic>
#0      _RouteDiagObserver.didPush (package:simple_live_app/main.dart:96)
#1      _NavigatorPushObservation.notify (package:flutter/src/widgets/navigator.dart:3372)
#2      List.forEach (dart:core-patch/growable_array.dart:416)
#3      NavigatorState._flushObserverNotifications (package:flutter/src/widgets/navigator.dart:4368)
#4      NavigatorState._flushHistoryUpdates (package:flutter/src/widgets/navigator.dart:4330)
#5      NavigatorState._pushEntry (package:flutter/src/widgets/navigator.dart:4825)
#6      NavigatorState.push (package:flutter/src/widgets/navigator.dart:4774)
#7      NavigatorState.pushNamed (package:flutter/src/widgets/navigator.dart:4502)
#8      GetNavigation.toNamed (package:get/get_navigation/src/extension_navigation.dart:596)
#9      AppNavigator.toLiveRoomDetail (package:simple_live_app/routes/app_navigation.dart:110)
#10     LiveRoomCard.build.<anonymous closure> (package:simple_live_app/widgets/live_room_card.dart:23)
#11     _InkResponseState.handleTap (package:flutter/src/material/ink_well.dart:1171)
#12     GestureRecognizer.invokeCallback (package:flutter/src/gestures/recognizer.dart:344)
#13     TapGestureRecognizer.handleTapUp (package:flutter/src/gestures/tap.dart:652)
#14     BaseTapGestureRecognizer._checkUp (package:flutter/src/gestures/tap.dart:309)
#15     BaseTapGestureRecognizer.acceptGesture (package:flutter/src/gestures/tap.dart:279)
#16     GestureArenaManager.sweep (package:flutter/src/gestures/arena.dart:167)
#17     GestureBinding.handleEvent (package:flutter/src/gestures/binding.dart:499)
#18     GestureBinding.dispatchEvent (package:flutter/src/gestures/binding.dart:475)
#19     RendererBinding.dispatchEvent (package:flutter/src/rendering/binding.dart:425)
#20     GestureBinding._handlePointerEventImmediately (package:flutter/src/gestures/binding.dart:420)
#21     GestureBinding.handlePointerEvent (package:flutter/src/gestures/binding.dart:383)
#22     GestureBinding._flushPointerEventQueue (package:flutter/src/gestures/binding.dart:330)
#23     GestureBinding._handlePointerDataPacket (package:flutter/src/gestures/binding.dart:299)
#24     _invoke1 (dart:ui/hooks.dart:328)
#25     PlatformDispatcher._dispatchPointerDataPacket (dart:ui/platform_dispatcher.dart:442)
#26     _dispatchPointerDataPacket (dart:ui/hooks.dart:262)

[INFO] 15:39:01：Instance "LiveRoomController" has been created
[DEBUG] 15:39:01：SystemUi: coordinator drain revision=2 keepAwake=false immersive=false appliedRev=1 appliedImm=false
[INFO] 15:39:01：Instance "LiveRoomController" has been initialized
[DEBUG] 15:39:01：播放器日志：PlayerLog(prefix: media_kit, level: error, text: error: property not found _setProperty(osc, 1))
[INFO] 15:39:01：读取直播间信息完成：huya/998 286ms
[INFO] 15:39:01：读取直播间信息完成：huya/998 286ms
[DEBUG] 15:39:01：Set LocalStorage: LastLiveRoom
{"siteId":"huya","roomId":"998","savedAt":"2026-08-03T15:39:01.936055"}
[INFO] 15:39:01：直播间加载流程结束：huya/998 305ms
[INFO] 15:39:01：直播间加载流程结束：huya/998 305ms
[DEBUG] 15:39:01：Get LocalStorage: RoomQualityMemory
{"kuaishou":{"qualityLocked":true,"line":0,"quality":0}}
[DEBUG] 15:39:01：Set LocalStorage: LastLiveRoomResumePending
false
[DEBUG] 15:39:02：Get LocalStorage: RoomQualityMemory
{"kuaishou":{"qualityLocked":true,"line":0,"quality":0}}
[INFO] 15:39:02：准备打开播放器：target=huya/998 quality=蓝光30M line=1/3 previousPlaying=false previousSize=nullxnull profile=balanced, hardwareDecode=true, vo=gpu(profile:balanced), hwdec=auto-safe(profile:balanced), mpvOptions=7
[INFO] 15:39:02：准备打开播放器：target=huya/998 quality=蓝光30M line=1/3 previousPlaying=false previousSize=nullxnull profile=balanced, hardwareDecode=true, vo=gpu(profile:balanced), hwdec=auto-safe(profile:balanced), mpvOptions=7
[DEBUG] 15:39:02：width:null  W:null  H:null
[DEBUG] 15:39:02：height:null  W:null  H:null
[DEBUG] 15:39:02：播放器日志：PlayerLog(prefix: playlist, level: warn, text: Reading plaintext playlist.)
[DEBUG] 15:39:02：SystemUi: coordinator drain revision=3 keepAwake=true immersive=false appliedRev=2 appliedImm=false
[DEBUG] 15:39:02：Playing
[INFO] 15:39:02：播放器打开完成：huya/998 11ms line=1/3 size=nullxnull
[INFO] 15:39:02：播放器打开完成：huya/998 11ms line=1/3 size=nullxnull
[DEBUG] 15:39:02：播放链接
http://al.flv.huya.com/src/294636272-294636272-1265453152455360512-589396000-10057-A-0-1-imgplus.flv?wsSecret=333913672a30c404fa0fcc76f4b7615e&wsTime=6a7046c2&seqid=1786037378294&ctype=huya_pc_exe&ver=1&fs=gctex&fm=RFdxOEJjSjNoNkRKdDZUWV8kMF8kMV8kMl8kMw%3D%3D&t=0&u=2412441617&codec=264
[DEBUG] 15:39:02：播放器日志：PlayerLog(prefix: lavf, level: error, text: Failed to create file cache.)
[DEBUG] 15:39:02：播放器日志：PlayerLog(prefix: cplayer, level: info, text: (+) Video --vid=1 (h264 2560x1440 60.000fps))
[DEBUG] 15:39:02：播放器日志：PlayerLog(prefix: cplayer, level: info, text: (+) Audio --aid=1 (aac 2ch 44100Hz))
[DEBUG] 15:39:02：播放器日志：PlayerLog(prefix: cplayer, level: info, text: (+) Subs  --sid=1 (text))
[DEBUG] 15:39:02：播放器日志：PlayerLog(prefix: vd, level: info, text: Using hardware decoding (videotoolbox).)
[DEBUG] 15:39:02：播放器日志：PlayerLog(prefix: cplayer, level: info, text: AO: [audiounit] 44100Hz stereo 2ch floatp)
[DEBUG] 15:39:02：播放器日志：PlayerLog(prefix: cplayer, level: info, text: VO: [libmpv] 2560x1440 videotoolbox[nv12])
[DEBUG] 15:39:02：width:2560  W:2560  H:1440
[DEBUG] 15:39:02：height:1440  W:2560  H:1440
[DEBUG] 15:39:03：AppNavigation: global pointer up at Instance of 'Offset'
[DEBUG] 15:39:03：SystemUi: setLandscapeOrientation enter
[DEBUG] 15:39:03：SystemUi: restoreFullScreenSystemUi enter fullScreen=true smallWindow=false
[DEBUG] 15:39:03：SystemUi: coordinator drain revision=4 keepAwake=true immersive=true appliedRev=3 appliedImm=false
[DEBUG] 15:39:03：SystemUi: coordinator apply immersive=true
[DEBUG] 15:39:03：SystemUi: native setHidden=true ok
[DEBUG] 15:39:03：SystemUi: coordinator iOS recheck scheduled
[DEBUG] 15:39:03：AppNavigation: global pointer up at Instance of 'Offset'
[DEBUG] 15:39:03：SystemUi: coordinator apply immersive=true
[DEBUG] 15:39:03：SystemUi: native setHidden=true ok
[DEBUG] 15:39:03：SystemUi: coordinator drain revision=5 keepAwake=true immersive=true appliedRev=4 appliedImm=null
[DEBUG] 15:39:03：SystemUi: coordinator apply immersive=true
[DEBUG] 15:39:03：SystemUi: native setHidden=true ok
[DEBUG] 15:39:03：SystemUi: coordinator iOS recheck scheduled
[DEBUG] 15:39:03：SystemUi: reapply hidden at 250ms
[DEBUG] 15:39:03：SystemUi: coordinator apply immersive=true
[DEBUG] 15:39:03：SystemUi: native setHidden=true ok
[DEBUG] 15:39:04：SystemUi: reapply hidden at 500ms
[DEBUG] 15:39:04：AppNavigation: global pointer up at Instance of 'Offset'
[DEBUG] 15:39:04：PlayerGesture: onTap showControls=false lock=false fullScreen=true
[DEBUG] 15:39:05：SystemUi: reapply hidden at 900ms
[DEBUG] 15:39:05：AppNavigation: global pointer up at Instance of 'Offset'
[DEBUG] 15:39:05：RightSideDialogRoute: opened title=设置 request=1
#0      Utils._openRightDialog (package:simple_live_app/app/utils.dart:176)
<asynchronous suspension>

[DEBUG] 15:39:05：RightSideDialogRoute: didChangeNext title=设置 next=null completed=false isCurrent=true isActive=true
[DEBUG] 15:39:05：AppNavigation: routingCallback cur=/room/detail?roomId=998 prev=/room/detail?roomId=998
[DEBUG] 15:39:05：AppNavigation: didPush _RightSideDialogRoute prev=GetPageRoute<dynamic>
#0      _RouteDiagObserver.didPush (package:simple_live_app/main.dart:96)
#1      _NavigatorPushObservation.notify (package:flutter/src/widgets/navigator.dart:3372)
#2      List.forEach (dart:core-patch/growable_array.dart:416)
#3      NavigatorState._flushObserverNotifications (package:flutter/src/widgets/navigator.dart:4368)
#4      NavigatorState._flushHistoryUpdates (package:flutter/src/widgets/navigator.dart:4330)
#5      NavigatorState._pushEntry (package:flutter/src/widgets/navigator.dart:4825)
#6      NavigatorState.push (package:flutter/src/widgets/navigator.dart:4774)
#7      Utils._openRightDialog (package:simple_live_app/app/utils.dart:177)
<asynchronous suspension>

[DEBUG] 15:39:06：AppNavigation: global pointer up at Instance of 'Offset'
[DEBUG] 15:39:06：RightSideDialogRoute: barrier enabled title=设置
[DEBUG] 15:39:07：SystemUi: reapply hidden at 2000ms
[DEBUG] 15:39:10：SystemUi: reapply hidden at 3000ms
[DEBUG] 15:39:14：AppNavigation: global pointer up at Instance of 'Offset'
[DEBUG] 15:39:14：RightSideDialogRoute: onPopInvoked title=设置 didPop=true
#0      _RightSideDialogRoute.onPopInvoked (package:simple_live_app/app/utils.dart:655)
#1      _RouteEntry.pop (package:flutter/src/widgets/navigator.dart:3112)
#2      NavigatorState.pop (package:flutter/src/widgets/navigator.dart:5287)
#3      NavigatorState.maybePop (package:flutter/src/widgets/navigator.dart:5239)
<asynchronous suspension>

[DEBUG] 15:39:14：RightSideDialogRoute: didComplete title=设置 (pop 完成)
#0      _RightSideDialogRoute.didComplete (package:simple_live_app/app/utils.dart:649)
#1      Route.didPop (package:flutter/src/widgets/navigator.dart:401)
#2      OverlayRoute.didPop (package:flutter/src/widgets/routes.dart:78)
#3      TransitionRoute.didPop (package:flutter/src/widgets/routes.dart:307)
#4      LocalHistoryRoute.didPop (package:flutter/src/widgets/routes.dart:869)
#5      _RouteEntry.handlePop (package:flutter/src/widgets/navigator.dart:3072)
#6      NavigatorState._flushHistoryUpdates (package:flutter/src/widgets/navigator.dart:4266)
#7      NavigatorState.pop (package:flutter/src/widgets/navigator.dart:5291)
#8      NavigatorState.maybePop (package:flutter/src/widgets/navigator.dart:5239)
<asynchronous suspension>

[DEBUG] 15:39:14：AppNavigation: routingCallback cur=/room/detail?roomId=998 prev=/room/detail?roomId=998
[DEBUG] 15:39:14：AppNavigation: didPop _RightSideDialogRoute prev=GetPageRoute<dynamic>
#0      _RouteDiagObserver.didPop (package:simple_live_app/main.dart:102)
#1      _NavigatorPopObservation.notify (package:flutter/src/widgets/navigator.dart:3384)
#2      List.forEach (dart:core-patch/growable_array.dart:416)
#3      NavigatorState._flushObserverNotifications (package:flutter/src/widgets/navigator.dart:4373)
#4      NavigatorState._flushHistoryUpdates (package:flutter/src/widgets/navigator.dart:4330)
#5      NavigatorState.pop (package:flutter/src/widgets/navigator.dart:5291)
#6      NavigatorState.maybePop (package:flutter/src/widgets/navigator.dart:5239)
<asynchronous suspension>

[DEBUG] 15:39:14：RightSideDialogRoute disposed (title=设置, isCurrent=false, isActive=false)
#0      _RightSideDialogRoute.dispose (package:simple_live_app/app/utils.dart:643)
#1      _RouteEntry.forcedDispose (package:flutter/src/widgets/navigator.dart:3165)
#2      _RouteEntry.dispose.<anonymous closure>.<anonymous closure> (package:flutter/src/widgets/navigator.dart:3220)
#3      _microtaskLoop (dart:async/schedule_microtask.dart:40)
#4      _startMicrotaskLoop (dart:async/schedule_microtask.dart:49)

[DEBUG] 15:39:15：AppNavigation: global pointer up at Instance of 'Offset'
[DEBUG] 15:39:15：PlayerGesture: onTap showControls=false lock=false fullScreen=true
[DEBUG] 15:39:16：AppNavigation: global pointer up at Instance of 'Offset'
[DEBUG] 15:39:16：RightSideDialogRoute: opened title=添加直播间 request=2
#0      Utils._openRightDialog (package:simple_live_app/app/utils.dart:176)
<asynchronous suspension>

[DEBUG] 15:39:16：RightSideDialogRoute: didChangeNext title=添加直播间 next=null completed=false isCurrent=true isActive=true
[DEBUG] 15:39:16：AppNavigation: routingCallback cur=/room/detail?roomId=998 prev=/room/detail?roomId=998
[DEBUG] 15:39:16：AppNavigation: didPush _RightSideDialogRoute prev=GetPageRoute<dynamic>
#0      _RouteDiagObserver.didPush (package:simple_live_app/main.dart:96)
#1      _NavigatorPushObservation.notify (package:flutter/src/widgets/navigator.dart:3372)
#2      List.forEach (dart:core-patch/growable_array.dart:416)
#3      NavigatorState._flushObserverNotifications (package:flutter/src/widgets/navigator.dart:4368)
#4      NavigatorState._flushHistoryUpdates (package:flutter/src/widgets/navigator.dart:4330)
#5      NavigatorState._pushEntry (package:flutter/src/widgets/navigator.dart:4825)
#6      NavigatorState.push (package:flutter/src/widgets/navigator.dart:4774)
#7      Utils._openRightDialog (package:simple_live_app/app/utils.dart:177)
<asynchronous suspension>

[DEBUG] 15:39:17：AppNavigation: global pointer up at Instance of 'Offset'
[DEBUG] 15:39:17：RightSideDialogRoute: barrier enabled title=添加直播间
[DEBUG] 15:39:21：AppNavigation: global pointer up at Instance of 'Offset'
[DEBUG] 15:39:21：RightSideDialogRoute: onPopInvoked title=添加直播间 didPop=true
#0      _RightSideDialogRoute.onPopInvoked (package:simple_live_app/app/utils.dart:655)
#1      _RouteEntry.pop (package:flutter/src/widgets/navigator.dart:3112)
#2      NavigatorState.pop (package:flutter/src/widgets/navigator.dart:5287)
#3      NavigatorState.maybePop (package:flutter/src/widgets/navigator.dart:5239)
<asynchronous suspension>

[DEBUG] 15:39:21：RightSideDialogRoute: didComplete title=添加直播间 (pop 完成)
#0      _RightSideDialogRoute.didComplete (package:simple_live_app/app/utils.dart:649)
#1      Route.didPop (package:flutter/src/widgets/navigator.dart:401)
#2      OverlayRoute.didPop (package:flutter/src/widgets/routes.dart:78)
#3      TransitionRoute.didPop (package:flutter/src/widgets/routes.dart:307)
#4      LocalHistoryRoute.didPop (package:flutter/src/widgets/routes.dart:869)
#5      _RouteEntry.handlePop (package:flutter/src/widgets/navigator.dart:3072)
#6      NavigatorState._flushHistoryUpdates (package:flutter/src/widgets/navigator.dart:4266)
#7      NavigatorState.pop (package:flutter/src/widgets/navigator.dart:5291)
#8      NavigatorState.maybePop (package:flutter/src/widgets/navigator.dart:5239)
<asynchronous suspension>

[DEBUG] 15:39:21：AppNavigation: routingCallback cur=/room/detail?roomId=998 prev=/room/detail?roomId=998
[DEBUG] 15:39:21：AppNavigation: didPop _RightSideDialogRoute prev=GetPageRoute<dynamic>
#0      _RouteDiagObserver.didPop (package:simple_live_app/main.dart:102)
#1      _NavigatorPopObservation.notify (package:flutter/src/widgets/navigator.dart:3384)
#2      List.forEach (dart:core-patch/growable_array.dart:416)
#3      NavigatorState._flushObserverNotifications (package:flutter/src/widgets/navigator.dart:4373)
#4      NavigatorState._flushHistoryUpdates (package:flutter/src/widgets/navigator.dart:4330)
#5      NavigatorState.pop (package:flutter/src/widgets/navigator.dart:5291)
#6      NavigatorState.maybePop (package:flutter/src/widgets/navigator.dart:5239)
<asynchronous suspension>

[DEBUG] 15:39:21：RightSideDialogRoute disposed (title=添加直播间, isCurrent=false, isActive=false)
#0      _RightSideDialogRoute.dispose (package:simple_live_app/app/utils.dart:643)
#1      _RouteEntry.forcedDispose (package:flutter/src/widgets/navigator.dart:3165)
#2      _RouteEntry.dispose.<anonymous closure>.<anonymous closure> (package:flutter/src/widgets/navigator.dart:3220)
#3      _microtaskLoop (dart:async/schedule_microtask.dart:40)
#4      _startMicrotaskLoop (dart:async/schedule_microtask.dart:49)

[DEBUG] 15:39:21：AppNavigation: global pointer up at Instance of 'Offset'
[DEBUG] 15:39:22：PlayerGesture: onTap showControls=false lock=false fullScreen=true
[DEBUG] 15:39:23：AppNavigation: global pointer up at Instance of 'Offset'
[DEBUG] 15:39:23：AppNavigation: global pointer up at Instance of 'Offset'
[DEBUG] 15:39:23：RightSideDialogRoute: opened title=快捷入口 request=3
#0      Utils._openRightDialog (package:simple_live_app/app/utils.dart:176)
<asynchronous suspension>

[DEBUG] 15:39:23：RightSideDialogRoute: didChangeNext title=快捷入口 next=null completed=false isCurrent=true isActive=true
[DEBUG] 15:39:23：AppNavigation: routingCallback cur=/room/detail?roomId=998 prev=/room/detail?roomId=998
[DEBUG] 15:39:23：AppNavigation: didPush _RightSideDialogRoute prev=GetPageRoute<dynamic>
#0      _RouteDiagObserver.didPush (package:simple_live_app/main.dart:96)
#1      _NavigatorPushObservation.notify (package:flutter/src/widgets/navigator.dart:3372)
#2      List.forEach (dart:core-patch/growable_array.dart:416)
#3      NavigatorState._flushObserverNotifications (package:flutter/src/widgets/navigator.dart:4368)
#4      NavigatorState._flushHistoryUpdates (package:flutter/src/widgets/navigator.dart:4330)
#5      NavigatorState._pushEntry (package:flutter/src/widgets/navigator.dart:4825)
#6      NavigatorState.push (package:flutter/src/widgets/navigator.dart:4774)
#7      Utils._openRightDialog (package:simple_live_app/app/utils.dart:177)
<asynchronous suspension>

[DEBUG] 15:39:23：AppNavigation: global pointer up at Instance of 'Offset'
[DEBUG] 15:39:24：RightSideDialogRoute: barrier enabled title=快捷入口
[DEBUG] 15:39:26：AppNavigation: global pointer up at Instance of 'Offset'
[DEBUG] 15:39:26：RightSideDialogRoute: onPopInvoked title=快捷入口 didPop=true
#0      _RightSideDialogRoute.onPopInvoked (package:simple_live_app/app/utils.dart:655)
#1      _RouteEntry.pop (package:flutter/src/widgets/navigator.dart:3112)
#2      NavigatorState.pop (package:flutter/src/widgets/navigator.dart:5287)
#3      NavigatorState.maybePop (package:flutter/src/widgets/navigator.dart:5239)
<asynchronous suspension>

[DEBUG] 15:39:26：RightSideDialogRoute: didComplete title=快捷入口 (pop 完成)
#0      _RightSideDialogRoute.didComplete (package:simple_live_app/app/utils.dart:649)
#1      Route.didPop (package:flutter/src/widgets/navigator.dart:401)
#2      OverlayRoute.didPop (package:flutter/src/widgets/routes.dart:78)
#3      TransitionRoute.didPop (package:flutter/src/widgets/routes.dart:307)
#4      LocalHistoryRoute.didPop (package:flutter/src/widgets/routes.dart:869)
#5      _RouteEntry.handlePop (package:flutter/src/widgets/navigator.dart:3072)
#6      NavigatorState._flushHistoryUpdates (package:flutter/src/widgets/navigator.dart:4266)
#7      NavigatorState.pop (package:flutter/src/widgets/navigator.dart:5291)
#8      NavigatorState.maybePop (package:flutter/src/widgets/navigator.dart:5239)
<asynchronous suspension>

[DEBUG] 15:39:26：AppNavigation: routingCallback cur=/room/detail?roomId=998 prev=/room/detail?roomId=998
[DEBUG] 15:39:26：AppNavigation: didPop _RightSideDialogRoute prev=GetPageRoute<dynamic>
#0      _RouteDiagObserver.didPop (package:simple_live_app/main.dart:102)
#1      _NavigatorPopObservation.notify (package:flutter/src/widgets/navigator.dart:3384)
#2      List.forEach (dart:core-patch/growable_array.dart:416)
#3      NavigatorState._flushObserverNotifications (package:flutter/src/widgets/navigator.dart:4373)
#4      NavigatorState._flushHistoryUpdates (package:flutter/src/widgets/navigator.dart:4330)
#5      NavigatorState.pop (package:flutter/src/widgets/navigator.dart:5291)
#6      NavigatorState.maybePop (package:flutter/src/widgets/navigator.dart:5239)
<asynchronous suspension>

[DEBUG] 15:39:27：RightSideDialogRoute disposed (title=快捷入口, isCurrent=false, isActive=false)
#0      _RightSideDialogRoute.dispose (package:simple_live_app/app/utils.dart:643)
#1      _RouteEntry.forcedDispose (package:flutter/src/widgets/navigator.dart:3165)
#2      _RouteEntry.dispose.<anonymous closure>.<anonymous closure> (package:flutter/src/widgets/navigator.dart:3220)
#3      _microtaskLoop (dart:async/schedule_microtask.dart:40)
#4      _startMicrotaskLoop (dart:async/schedule_microtask.dart:49)

[DEBUG] 15:39:27：AppNavigation: global pointer up at Instance of 'Offset'
[DEBUG] 15:39:27：SystemUi: coordinator drain revision=6 keepAwake=true immersive=false appliedRev=5 appliedImm=true
[DEBUG] 15:39:27：SystemUi: coordinator apply immersive=false
[DEBUG] 15:39:27：AppNavigation: global pointer up at Instance of 'Offset'
[DEBUG] 15:39:28：AppNavigation: global pointer up at Instance of 'Offset'
[INFO] 15:39:28：CLOSE TO ROUTE /room/detail?roomId=998
[DEBUG] 15:39:28：AppNavigation: routingCallback cur=/index prev=/index
[DEBUG] 15:39:28：AppNavigation: didPop GetPageRoute<dynamic> prev=GetPageRoute<dynamic>
#0      _RouteDiagObserver.didPop (package:simple_live_app/main.dart:102)
#1      _NavigatorPopObservation.notify (package:flutter/src/widgets/navigator.dart:3384)
#2      List.forEach (dart:core-patch/growable_array.dart:416)
#3      NavigatorState._flushObserverNotifications (package:flutter/src/widgets/navigator.dart:4373)
#4      NavigatorState._flushHistoryUpdates (package:flutter/src/widgets/navigator.dart:4330)
#5      NavigatorState.pop (package:flutter/src/widgets/navigator.dart:5291)
#6      LiveRoomPage._handleBack (package:simple_live_app/modules/live_room/live_room_page.dart:411)
<asynchronous suspension>

[DEBUG] 15:39:28：Set LocalStorage: LastLiveRoomResumePending
false
[INFO] 15:39:28："LiveRoomController" onDelete() called
[INFO] 15:39:28："LiveRoomController" deleted from memory
[DEBUG] 15:39:28：播放器日志：PlayerLog(prefix: cplayer, level: info, text: )
[DEBUG] 15:39:28：AppNavigation: global pointer up at Instance of 'Offset'
[DEBUG] 15:39:28：SystemUi: coordinator drain revision=7 keepAwake=false immersive=false appliedRev=6 appliedImm=false
[DEBUG] 15:39:28：width:null  W:null  H:null
[DEBUG] 15:39:28：height:null  W:null  H:null
[WARNING] 15:39:28：播放器关闭
[DEBUG] 15:39:28：SystemUi: coordinator drain revision=8 keepAwake=false immersive=false appliedRev=7 appliedImm=false
[DEBUG] 15:39:29：AppNavigation: global pointer up at Instance of 'Offset'
[INFO] 15:39:29：Instance "CategoryController" has been created
[INFO] 15:39:29：Instance "CategoryListController" has been created with tag "huya"
[INFO] 15:39:29：Instance "CategoryListController" with tag "huya" has been initialized
[INFO] 15:39:29：Instance "CategoryListController" has been created with tag "douyin"
[INFO] 15:39:29：Instance "CategoryListController" with tag "douyin" has been initialized
[INFO] 15:39:29：Instance "CategoryListController" has been created with tag "kuaishou"
[INFO] 15:39:29：Instance "CategoryListController" with tag "kuaishou" has been initialized
[INFO] 15:39:29：Instance "CategoryListController" has been created with tag "bilibili"
[INFO] 15:39:29：Instance "CategoryListController" with tag "bilibili" has been initialized
[INFO] 15:39:29：Instance "CategoryListController" has been created with tag "douyu"
[INFO] 15:39:29：Instance "CategoryListController" with tag "douyu" has been initialized
[INFO] 15:39:29：Instance "CategoryController" has been initialized
[DEBUG] 15:39:30：AppNavigation: global pointer up at Instance of 'Offset'
[INFO] 15:39:30：Instance "FollowUserController" has been created
[INFO] 15:39:30：Instance "FollowUserController" has been initialized
[INFO] 15:39:30：关注状态阶段开始，并发数: 4，模式: 自动，目标数: 14，策略: normal，scope=all fullDouyinCookie=true
[DEBUG] 15:39:30：Get LocalStorage: FollowRefreshTaskState

[DEBUG] 15:39:30：Get LocalStorage: FollowRefreshTaskTargets

[DEBUG] 15:39:30：Set LocalStorage: FollowRefreshTaskState
{"scopeKey":"all","total":14,"successCount":0,"failedCount":0,"deferredCount":0,"updatedAt":"2026-08-03T15:39:30.231385"}
[DEBUG] 15:39:30：Set LocalStorage: FollowRefreshTaskTargets
{"orderedKeys":["huya|149721|huya_149721","douyu|178432|douyu_178432","douyin|555822117681|douyin_555822117681","kuaishou|hrj20011221|kuaishou_hrj20011221","huya|152754|huya_152754","douyu|6979222|douyu_6979222","douyin|94900815675|douyin_94900815675","kuaishou|xzx11234|kuaishou_xzx11234","huya|321123|huya_321123","kuaishou|tingan666|kuaishou_tingan666","huya|123321|huya_123321","huya|116864|huya_116864","huya|273493|huya_273493","huya|10188|huya_10188"],"pendingKeys":["huya|149721|huya_149721","douyu|178432|douyu_178432","douyin|555822117681|douyin_555822117681","kuaishou|hrj20011221|kuaishou_hrj20011221","huya|152754|huya_152754","douyu|6979222|douyu_6979222","douyin|94900815675|douyin_94900815675","kuaishou|xzx11234|kuaishou_xzx11234","huya|321123|huya_321123","kuaishou|tingan666|kuaishou_tingan666","huya|123321|huya_123321","huya|116864|huya_116864","huya|273493|huya_273493","huya|10188|huya_10188"]}
[DEBUG] 15:39:31：AppNavigation: global pointer up at Instance of 'Offset'
[DEBUG] 15:39:31：AppNavigation: routingCallback cur=/index prev=/index
[DEBUG] 15:39:31：AppNavigation: didPush _PopupMenuRoute<int?> prev=GetPageRoute<dynamic>
#0      _RouteDiagObserver.didPush (package:simple_live_app/main.dart:96)
#1      _NavigatorPushObservation.notify (package:flutter/src/widgets/navigator.dart:3372)
#2      List.forEach (dart:core-patch/growable_array.dart:416)
#3      NavigatorState._flushObserverNotifications (package:flutter/src/widgets/navigator.dart:4368)
#4      NavigatorState._flushHistoryUpdates (package:flutter/src/widgets/navigator.dart:4330)
#5      NavigatorState._pushEntry (package:flutter/src/widgets/navigator.dart:4825)
#6      NavigatorState.push (package:flutter/src/widgets/navigator.dart:4774)
#7      showMenu (package:flutter/src/material/popup_menu.dart:1007)
#8      PopupMenuButtonState.showButtonMenu (package:flutter/src/material/popup_menu.dart:1407)
#9      _InkResponseState.handleTap (package:flutter/src/material/ink_well.dart:1171)
#10     GestureRecognizer.invokeCallback (package:flutter/src/gestures/recognizer.dart:344)
#11     TapGestureRecognizer.handleTapUp (package:flutter/src/gestures/tap.dart:652)
#12     BaseTapGestureRecognizer._checkUp (package:flutter/src/gestures/tap.dart:309)
#13     BaseTapGestureRecognizer.acceptGesture (package:flutter/src/gestures/tap.dart:279)
#14     GestureArenaManager.sweep (package:flutter/src/gestures/arena.dart:167)
#15     GestureBinding.handleEvent (package:flutter/src/gestures/binding.dart:499)
#16     GestureBinding.dispatchEvent (package:flutter/src/gestures/binding.dart:475)
#17     RendererBinding.dispatchEvent (package:flutter/src/rendering/binding.dart:425)
#18     GestureBinding._handlePointerEventImmediately (package:flutter/src/gestures/binding.dart:420)
#19     GestureBinding.handlePointerEvent (package:flutter/src/gestures/binding.dart:383)
#20     GestureBinding._flushPointerEventQueue (package:flutter/src/gestures/binding.dart:330)
#21     GestureBinding._handlePointerDataPacket (package:flutter/src/gestures/binding.dart:299)
#22     _invoke1 (dart:ui/hooks.dart:328)
#23     PlatformDispatcher._dispatchPointerDataPacket (dart:ui/platform_dispatcher.dart:442)
#24     _dispatchPointerDataPacket (dart:ui/hooks.dart:262)

[DEBUG] 15:39:31：AppNavigation: global pointer up at Instance of 'Offset'
[DEBUG] 15:39:31：AppNavigation: routingCallback cur=/index prev=/index
[DEBUG] 15:39:31：AppNavigation: didPop _PopupMenuRoute<int?> prev=GetPageRoute<dynamic>
#0      _RouteDiagObserver.didPop (package:simple_live_app/main.dart:102)
#1      _NavigatorPopObservation.notify (package:flutter/src/widgets/navigator.dart:3384)
#2      List.forEach (dart:core-patch/growable_array.dart:416)
#3      NavigatorState._flushObserverNotifications (package:flutter/src/widgets/navigator.dart:4373)
#4      NavigatorState._flushHistoryUpdates (package:flutter/src/widgets/navigator.dart:4330)
#5      NavigatorState.pop (package:flutter/src/widgets/navigator.dart:5291)
#6      NavigatorState.maybePop (package:flutter/src/widgets/navigator.dart:5239)
<asynchronous suspension>

[DEBUG] 15:39:31：Set LocalStorage: FollowRefreshTaskState
{"scopeKey":"all","total":14,"successCount":10,"failedCount":0,"deferredCount":0,"updatedAt":"2026-08-03T15:39:31.916419"}
[DEBUG] 15:39:31：Set LocalStorage: FollowRefreshTaskTargets
{"orderedKeys":["huya|149721|huya_149721","douyu|178432|douyu_178432","douyin|555822117681|douyin_555822117681","kuaishou|hrj20011221|kuaishou_hrj20011221","huya|152754|huya_152754","douyu|6979222|douyu_6979222","douyin|94900815675|douyin_94900815675","kuaishou|xzx11234|kuaishou_xzx11234","huya|321123|huya_321123","kuaishou|tingan666|kuaishou_tingan666","huya|123321|huya_123321","huya|116864|huya_116864","huya|273493|huya_273493","huya|10188|huya_10188"],"pendingKeys":["kuaishou|tingan666|kuaishou_tingan666","huya|123321|huya_123321","huya|273493|huya_273493","huya|10188|huya_10188"]}
[DEBUG] 15:39:32：Set LocalStorage: FollowRefreshTaskState
{"scopeKey":"all","total":14,"successCount":14,"failedCount":0,"deferredCount":0,"updatedAt":"2026-08-03T15:39:32.360846"}
[INFO] 15:39:32：抖音关注刷新总结 scope=all target=2 startConcurrency=2 startInterval=220ms finalInterval=220ms success=2 limited=0 cooldown=false elapsed=2129ms failed=0 deferred=0 limitedObserved=0
[DEBUG] 15:39:32：Remove LocalStorage: FollowRefreshTaskState
[DEBUG] 15:39:32：Set LocalStorage: FollowRefreshTaskTargets
{"orderedKeys":["huya|149721|huya_149721","douyu|178432|douyu_178432","douyin|555822117681|douyin_555822117681","kuaishou|hrj20011221|kuaishou_hrj20011221","huya|152754|huya_152754","douyu|6979222|douyu_6979222","douyin|94900815675|douyin_94900815675","kuaishou|xzx11234|kuaishou_xzx11234","huya|321123|huya_321123","kuaishou|tingan666|kuaishou_tingan666","huya|123321|huya_123321","huya|116864|huya_116864","huya|273493|huya_273493","huya|10188|huya_10188"],"pendingKeys":[]}
[DEBUG] 15:39:32：Remove LocalStorage: FollowRefreshTaskTargets
[INFO] 15:39:32：关注状态阶段完成
[DEBUG] 15:39:33：AppNavigation: global pointer up at Instance of 'Offset'
[DEBUG] 15:39:33：AppNavigation: routingCallback cur=/index prev=/index
[DEBUG] 15:39:33：AppNavigation: didPush ModalBottomSheetRoute<dynamic> prev=GetPageRoute<dynamic>
#0      _RouteDiagObserver.didPush (package:simple_live_app/main.dart:96)
#1      _NavigatorPushObservation.notify (package:flutter/src/widgets/navigator.dart:3372)
#2      List.forEach (dart:core-patch/growable_array.dart:416)
#3      NavigatorState._flushObserverNotifications (package:flutter/src/widgets/navigator.dart:4368)
#4      NavigatorState._flushHistoryUpdates (package:flutter/src/widgets/navigator.dart:4330)
#5      NavigatorState._pushEntry (package:flutter/src/widgets/navigator.dart:4825)
#6      NavigatorState.push (package:flutter/src/widgets/navigator.dart:4774)
#7      showModalBottomSheet (package:flutter/src/material/bottom_sheet.dart:1244)
#8      Utils.showBottomSheet (package:simple_live_app/app/utils.dart:244)
#9      FollowUserPage._showDisplaySheet (package:simple_live_app/modules/follow_user/follow_user_page.dart:496)
#10     FollowUserPage.build.<anonymous closure> (package:simple_live_app/modules/follow_user/follow_user_page.dart:39)
#11     _InkResponseState.handleTap (package:flutter/src/material/ink_well.dart:1171)
#12     GestureRecognizer.invokeCallback (package:flutter/src/gestures/recognizer.dart:344)
#13     TapGestureRecognizer.handleTapUp (package:flutter/src/gestures/tap.dart:652)
#14     BaseTapGestureRecognizer._checkUp (package:flutter/src/gestures/tap.dart:309)
#15     BaseTapGestureRecognizer.acceptGesture (package:flutter/src/gestures/tap.dart:279)
#16     GestureArenaManager.sweep (package:flutter/src/gestures/arena.dart:167)
#17     GestureBinding.handleEvent (package:flutter/src/gestures/binding.dart:499)
#18     GestureBinding.dispatchEvent (package:flutter/src/gestures/binding.dart:475)
#19     RendererBinding.dispatchEvent (package:flutter/src/rendering/binding.dart:425)
#20     GestureBinding._handlePointerEventImmediately (package:flutter/src/gestures/binding.dart:420)
#21     GestureBinding.handlePointerEvent (package:flutter/src/gestures/binding.dart:383)
#22     GestureBinding._flushPointerEventQueue (package:flutter/src/gestures/binding.dart:330)
#23     GestureBinding._handlePointerDataPacket (package:flutter/src/gestures/binding.dart:299)
#24     _invoke1 (dart:ui/hooks.dart:328)
#25     PlatformDispatcher._dispatchPointerDataPacket (dart:ui/platform_dispatcher.dart:442)
#26     _dispatchPointerDataPacket (dart:ui/hooks.dart:262)

[DEBUG] 15:39:33：AppNavigation: global pointer up at Instance of 'Offset'
[DEBUG] 15:39:33：AppNavigation: routingCallback cur=/index prev=/index
[DEBUG] 15:39:33：AppNavigation: didPop ModalBottomSheetRoute<dynamic> prev=GetPageRoute<dynamic>
#0      _RouteDiagObserver.didPop (package:simple_live_app/main.dart:102)
#1      _NavigatorPopObservation.notify (package:flutter/src/widgets/navigator.dart:3384)
#2      List.forEach (dart:core-patch/growable_array.dart:416)
#3      NavigatorState._flushObserverNotifications (package:flutter/src/widgets/navigator.dart:4373)
#4      NavigatorState._flushHistoryUpdates (package:flutter/src/widgets/navigator.dart:4330)
#5      NavigatorState.pop (package:flutter/src/widgets/navigator.dart:5291)
#6      NavigatorState.maybePop (package:flutter/src/widgets/navigator.dart:5239)
<asynchronous suspension>

[DEBUG] 15:39:35：AppNavigation: global pointer up at Instance of 'Offset'
[DEBUG] 15:39:36：AppNavigation: global pointer up at Instance of 'Offset'
[DEBUG] 15:39:38：AppNavigation: global pointer up at Instance of 'Offset'
[DEBUG] 15:39:39：AppNavigation: global pointer up at Instance of 'Offset'
[DEBUG] 15:39:39：AppNavigation: global pointer up at Instance of 'Offset'
[INFO] 15:39:39：GOING TO ROUTE /room/detail?roomId=998
[DEBUG] 15:39:39：AppNavigation: routingCallback cur=/room/detail?roomId=998 prev=/index
[DEBUG] 15:39:39：AppNavigation: didPush GetPageRoute<dynamic> prev=GetPageRoute<dynamic>
#0      _RouteDiagObserver.didPush (package:simple_live_app/main.dart:96)
#1      _NavigatorPushObservation.notify (package:flutter/src/widgets/navigator.dart:3372)
#2      List.forEach (dart:core-patch/growable_array.dart:416)
#3      NavigatorState._flushObserverNotifications (package:flutter/src/widgets/navigator.dart:4368)
#4      NavigatorState._flushHistoryUpdates (package:flutter/src/widgets/navigator.dart:4330)
#5      NavigatorState._pushEntry (package:flutter/src/widgets/navigator.dart:4825)
#6      NavigatorState.push (package:flutter/src/widgets/navigator.dart:4774)
#7      NavigatorState.pushNamed (package:flutter/src/widgets/navigator.dart:4502)
#8      GetNavigation.toNamed (package:get/get_navigation/src/extension_navigation.dart:596)
#9      AppNavigator.toLiveRoomDetail (package:simple_live_app/routes/app_navigation.dart:110)
#10     LiveRoomCard.build.<anonymous closure> (package:simple_live_app/widgets/live_room_card.dart:23)
#11     _InkResponseState.handleTap (package:flutter/src/material/ink_well.dart:1171)
#12     GestureRecognizer.invokeCallback (package:flutter/src/gestures/recognizer.dart:344)
#13     TapGestureRecognizer.handleTapUp (package:flutter/src/gestures/tap.dart:652)
#14     BaseTapGestureRecognizer._checkUp (package:flutter/src/gestures/tap.dart:309)
#15     BaseTapGestureRecognizer.acceptGesture (package:flutter/src/gestures/tap.dart:279)
#16     GestureArenaManager.sweep (package:flutter/src/gestures/arena.dart:167)
#17     GestureBinding.handleEvent (package:flutter/src/gestures/binding.dart:499)
#18     GestureBinding.dispatchEvent (package:flutter/src/gestures/binding.dart:475)
#19     RendererBinding.dispatchEvent (package:flutter/src/rendering/binding.dart:425)
#20     GestureBinding._handlePointerEventImmediately (package:flutter/src/gestures/binding.dart:420)
#21     GestureBinding.handlePointerEvent (package:flutter/src/gestures/binding.dart:383)
#22     GestureBinding._flushPointerEventQueue (package:flutter/src/gestures/binding.dart:330)
#23     GestureBinding._handlePointerDataPacket (package:flutter/src/gestures/binding.dart:299)
#24     _invoke1 (dart:ui/hooks.dart:328)
#25     PlatformDispatcher._dispatchPointerDataPacket (dart:ui/platform_dispatcher.dart:442)
#26     _dispatchPointerDataPacket (dart:ui/hooks.dart:262)

[INFO] 15:39:39：Instance "LiveRoomController" has been created
[DEBUG] 15:39:39：SystemUi: coordinator drain revision=9 keepAwake=false immersive=false appliedRev=8 appliedImm=false
[INFO] 15:39:39：Instance "LiveRoomController" has been initialized
[DEBUG] 15:39:39：播放器日志：PlayerLog(prefix: media_kit, level: error, text: error: property not found _setProperty(osc, 1))
[INFO] 15:39:39：读取直播间信息完成：huya/998 132ms
[INFO] 15:39:39：读取直播间信息完成：huya/998 132ms
[DEBUG] 15:39:39：Set LocalStorage: LastLiveRoom
{"siteId":"huya","roomId":"998","savedAt":"2026-08-03T15:39:39.452751"}
[INFO] 15:39:39：直播间加载流程结束：huya/998 146ms
[INFO] 15:39:39：直播间加载流程结束：huya/998 146ms
[DEBUG] 15:39:39：Get LocalStorage: RoomQualityMemory
{"kuaishou":{"qualityLocked":true,"line":0,"quality":0}}
[DEBUG] 15:39:39：Set LocalStorage: LastLiveRoomResumePending
false
[DEBUG] 15:39:39：Get LocalStorage: RoomQualityMemory
{"kuaishou":{"qualityLocked":true,"line":0,"quality":0}}
[INFO] 15:39:39：准备打开播放器：target=huya/998 quality=蓝光30M line=2/3 previousPlaying=false previousSize=nullxnull profile=balanced, hardwareDecode=true, vo=gpu(profile:balanced), hwdec=auto-safe(profile:balanced), mpvOptions=7
[INFO] 15:39:39：准备打开播放器：target=huya/998 quality=蓝光30M line=2/3 previousPlaying=false previousSize=nullxnull profile=balanced, hardwareDecode=true, vo=gpu(profile:balanced), hwdec=auto-safe(profile:balanced), mpvOptions=7
[DEBUG] 15:39:39：width:null  W:null  H:null
[DEBUG] 15:39:39：height:null  W:null  H:null
[DEBUG] 15:39:39：播放器日志：PlayerLog(prefix: playlist, level: warn, text: Reading plaintext playlist.)
[DEBUG] 15:39:39：SystemUi: coordinator drain revision=10 keepAwake=true immersive=false appliedRev=9 appliedImm=false
[DEBUG] 15:39:39：Playing
[INFO] 15:39:39：播放器打开完成：huya/998 11ms line=2/3 size=nullxnull
[INFO] 15:39:39：播放器打开完成：huya/998 11ms line=2/3 size=nullxnull
[DEBUG] 15:39:39：播放链接
http://tx.flv.huya.com/src/294636272-294636272-1265453152455360512-589396000-10057-A-0-1-imgplus.flv?wsSecret=065a36a99e4dd060aa2682e8872c84eb&wsTime=6a7046e7&seqid=1786037415908&ctype=huya_pc_exe&ver=1&fs=gctex&fm=RFdxOEJjSjNoNkRKdDZUWV8kMF8kMV8kMl8kMw%3D%3D&t=0&u=2412441617&codec=264
[DEBUG] 15:39:39：播放器日志：PlayerLog(prefix: lavf, level: error, text: Failed to create file cache.)
[DEBUG] 15:39:39：播放器日志：PlayerLog(prefix: cplayer, level: info, text: (+) Video --vid=1 (h264 2560x1440 60.000fps))
[DEBUG] 15:39:39：播放器日志：PlayerLog(prefix: cplayer, level: info, text: (+) Audio --aid=1 (aac 2ch 44100Hz))
[DEBUG] 15:39:39：播放器日志：PlayerLog(prefix: cplayer, level: info, text: (+) Subs  --sid=1 (text))
[DEBUG] 15:39:39：播放器日志：PlayerLog(prefix: vd, level: info, text: Using hardware decoding (videotoolbox).)
[DEBUG] 15:39:39：播放器日志：PlayerLog(prefix: cplayer, level: info, text: AO: [audiounit] 44100Hz stereo 2ch floatp)
[DEBUG] 15:39:39：播放器日志：PlayerLog(prefix: cplayer, level: info, text: VO: [libmpv] 2560x1440 videotoolbox[nv12])
[DEBUG] 15:39:40：width:2560  W:2560  H:1440
[DEBUG] 15:39:40：height:1440  W:2560  H:1440
[DEBUG] 15:39:40：AppNavigation: global pointer up at Instance of 'Offset'
[DEBUG] 15:39:40：SystemUi: setLandscapeOrientation enter
[DEBUG] 15:39:40：SystemUi: restoreFullScreenSystemUi enter fullScreen=true smallWindow=false
[DEBUG] 15:39:40：SystemUi: coordinator drain revision=11 keepAwake=true immersive=true appliedRev=10 appliedImm=false
[DEBUG] 15:39:40：SystemUi: coordinator apply immersive=true
[DEBUG] 15:39:40：SystemUi: native setHidden=true ok
[DEBUG] 15:39:40：SystemUi: coordinator iOS recheck scheduled
[DEBUG] 15:39:40：AppNavigation: global pointer up at Instance of 'Offset'
[DEBUG] 15:39:40：SystemUi: coordinator apply immersive=true
[DEBUG] 15:39:40：SystemUi: native setHidden=true ok
[DEBUG] 15:39:40：SystemUi: coordinator drain revision=12 keepAwake=true immersive=true appliedRev=11 appliedImm=null
[DEBUG] 15:39:40：SystemUi: coordinator apply immersive=true
[DEBUG] 15:39:40：SystemUi: native setHidden=true ok
[DEBUG] 15:39:40：SystemUi: coordinator iOS recheck scheduled
[DEBUG] 15:39:41：SystemUi: reapply hidden at 250ms
[DEBUG] 15:39:41：SystemUi: coordinator apply immersive=true
[DEBUG] 15:39:41：SystemUi: native setHidden=true ok
[DEBUG] 15:39:41：SystemUi: reapply hidden at 500ms
[DEBUG] 15:39:41：AppNavigation: global pointer up at Instance of 'Offset'
[DEBUG] 15:39:41：SystemUi: coordinator drain revision=13 keepAwake=true immersive=false appliedRev=12 appliedImm=true
[DEBUG] 15:39:41：SystemUi: coordinator apply immersive=false
[DEBUG] 15:39:41：AppNavigation: global pointer up at Instance of 'Offset'
[DEBUG] 15:39:42：AppNavigation: global pointer up at Instance of 'Offset'
[INFO] 15:39:42：CLOSE TO ROUTE /room/detail?roomId=998
[DEBUG] 15:39:42：AppNavigation: routingCallback cur=/index prev=/index
[DEBUG] 15:39:42：AppNavigation: didPop GetPageRoute<dynamic> prev=GetPageRoute<dynamic>
#0      _RouteDiagObserver.didPop (package:simple_live_app/main.dart:102)
#1      _NavigatorPopObservation.notify (package:flutter/src/widgets/navigator.dart:3384)
#2      List.forEach (dart:core-patch/growable_array.dart:416)
#3      NavigatorState._flushObserverNotifications (package:flutter/src/widgets/navigator.dart:4373)
#4      NavigatorState._flushHistoryUpdates (package:flutter/src/widgets/navigator.dart:4330)
#5      NavigatorState.pop (package:flutter/src/widgets/navigator.dart:5291)
#6      LiveRoomPage._handleBack (package:simple_live_app/modules/live_room/live_room_page.dart:411)
<asynchronous suspension>

[DEBUG] 15:39:42：SystemUi: restoreFullScreenSystemUi abort at 900ms fullScreen=false smallWindow=false
[DEBUG] 15:39:42：Set LocalStorage: LastLiveRoomResumePending
false
[INFO] 15:39:42："LiveRoomController" onDelete() called
[INFO] 15:39:42："LiveRoomController" deleted from memory
[DEBUG] 15:39:42：AppNavigation: global pointer up at Instance of 'Offset'
[DEBUG] 15:39:42：播放器日志：PlayerLog(prefix: cplayer, level: info, text: )
[DEBUG] 15:39:42：SystemUi: coordinator drain revision=14 keepAwake=false immersive=false appliedRev=13 appliedImm=false
[DEBUG] 15:39:42：width:null  W:null  H:null
[DEBUG] 15:39:42：height:null  W:null  H:null
[WARNING] 15:39:42：播放器关闭
[DEBUG] 15:39:42：SystemUi: coordinator drain revision=15 keepAwake=false immersive=false appliedRev=14 appliedImm=false
[DEBUG] 15:39:43：AppNavigation: global pointer up at Instance of 'Offset'
[DEBUG] 15:39:43：AppNavigation: global pointer up at Instance of 'Offset'
[DEBUG] 15:39:44：AppNavigation: global pointer up at Instance of 'Offset'
[INFO] 15:39:44：GOING TO ROUTE /settings/other
[DEBUG] 15:39:44：AppNavigation: routingCallback cur=/settings/other prev=/index
[DEBUG] 15:39:44：AppNavigation: didPush GetPageRoute<dynamic> prev=GetPageRoute<dynamic>
#0      _RouteDiagObserver.didPush (package:simple_live_app/main.dart:96)
#1      _NavigatorPushObservation.notify (package:flutter/src/widgets/navigator.dart:3372)
#2      List.forEach (dart:core-patch/growable_array.dart:416)
#3      NavigatorState._flushObserverNotifications (package:flutter/src/widgets/navigator.dart:4368)
#4      NavigatorState._flushHistoryUpdates (package:flutter/src/widgets/navigator.dart:4330)
#5      NavigatorState._pushEntry (package:flutter/src/widgets/navigator.dart:4825)
#6      NavigatorState.push (package:flutter/src/widgets/navigator.dart:4774)
#7      NavigatorState.pushNamed (package:flutter/src/widgets/navigator.dart:4502)
#8      GetNavigation.toNamed (package:get/get_navigation/src/extension_navigation.dart:596)
#9      MinePage.build.<anonymous closure> (package:simple_live_app/modules/mine/mine_page.dart:232)
#10     _InkResponseState.handleTap (package:flutter/src/material/ink_well.dart:1171)
#11     GestureRecognizer.invokeCallback (package:flutter/src/gestures/recognizer.dart:344)
#12     TapGestureRecognizer.handleTapUp (package:flutter/src/gestures/tap.dart:652)
#13     BaseTapGestureRecognizer._checkUp (package:flutter/src/gestures/tap.dart:309)
#14     BaseTapGestureRecognizer.acceptGesture (package:flutter/src/gestures/tap.dart:279)
#15     GestureArenaManager.sweep (package:flutter/src/gestures/arena.dart:167)
#16     GestureBinding.handleEvent (package:flutter/src/gestures/binding.dart:499)
#17     GestureBinding.dispatchEvent (package:flutter/src/gestures/binding.dart:475)
#18     RendererBinding.dispatchEvent (package:flutter/src/rendering/binding.dart:425)
#19     GestureBinding._handlePointerEventImmediately (package:flutter/src/gestures/binding.dart:420)
#20     GestureBinding.handlePointerEvent (package:flutter/src/gestures/binding.dart:383)
#21     GestureBinding._flushPointerEventQueue (package:flutter/src/gestures/binding.dart:330)
#22     GestureBinding._handlePointerDataPacket (package:flutter/src/gestures/binding.dart:299)
#23     _invoke1 (dart:ui/hooks.dart:328)
#24     PlatformDispatcher._dispatchPointerDataPacket (dart:ui/platform_dispatcher.dart:442)
#25     _dispatchPointerDataPacket (dart:ui/hooks.dart:262)

[INFO] 15:39:44：Instance "OtherSettingsController" has been created
[INFO] 15:39:44：Instance "OtherSettingsController" has been initialized
[DEBUG] 15:39:44：Get LocalStorage: SyncServerUrl

[DEBUG] 15:39:44：Get LocalStorage: SyncServerUrl

[DEBUG] 15:39:44：Get LocalStorage: SyncProxyUrl

[DEBUG] 15:39:45：AppNavigation: global pointer up at Instance of 'Offset'
[DEBUG] 15:39:46：AppNavigation: global pointer up at Instance of 'Offset'
[DEBUG] 15:39:46：Set LocalStorage: LogEnable
false
